[2026-07-14T03:25:14.562Z] [API] GET /fortnite -> 200 | {"duration":"1278ms"}
[2026-07-14T03:25:47.145Z] [API] GET /fortnite -> 200 | {"duration":"5ms"}
[2026-07-14T03:25:58.250Z] [API] GET /fortnite -> 200 | {"duration":"4ms"}
[2026-07-14T03:26:03.392Z] [API] GET /fortnite -> 200 | {"duration":"4ms"}
[2026-07-14T03:26:07.080Z] [API] GET /fortnite -> 200 | {"duration":"5ms"}
[2026-07-14T03:26:07.660Z] [API] GET /fortnite -> 200 | {"duration":"4ms"}
[2026-07-14T03:26:45.770Z] [API] GET /fortnite -> 200 | {"duration":"6ms"}
[2026-07-14T03:26:48.810Z] [API] GET /fortnite -> 200 | {"duration":"5ms"}
[2026-07-14T03:27:38.302Z] [API] GET /cart -> 200 | {"duration":"479ms"}
[2026-07-14T03:27:40.359Z] [API] GET /invoice/list -> 200 | {"duration":"1979ms"}
[2026-07-14T03:29:56.753Z] [API] GET /fortnite -> 200 | {"duration":"1323ms"}
[2026-07-14T03:29:59.133Z] [API] GET / -> 200 | {"duration":"704ms"}
[2026-07-14T03:30:26.732Z] [API] GET /fortnite -> 200 | {"duration":"1329ms"}
[2026-07-14T03:30:31.383Z] [API] GET / -> 200 | {"duration":"947ms"}
[2026-07-14T03:30:36.087Z] [API] GET /steam -> 200 | {"duration":"953ms"}
[2026-07-14T03:30:37.292Z] [API] GET /escapefromtarkov -> 404 | {"duration":"448ms"}
[2026-07-14T03:30:37.293Z] [ERROR] LZT API request failed: GET /escapefromtarkov | {"error":"Error: LZT API error 404: {\"errors\":[\"The requested page could not be found.\"],\"system_info\":{\"visitor_id\":10685358,\"time\":1783999837,\"log_id\":6446458847}}"}
[2026-07-14T03:30:37.346Z] [API] GET /telegram -> 200 | {"duration":"823ms"}
[2026-07-14T03:31:57.722Z] [API] GET /fortnite -> 200 | {"duration":"4ms"}
[2026-07-14T03:32:22.604Z] [API] GET /fortnite -> 200 | {"duration":"3ms"}
[2026-07-14T03:32:33.995Z] [API] GET /fortnite -> 200 | {"duration":"3ms"}
[2026-07-14T03:32:37.960Z] [API] GET /fortnite -> 200 | {"duration":"3ms"}
[2026-07-14T03:32:52.206Z] [API] GET /fortnite -> 200 | {"duration":"3ms"}
[2026-07-14T03:32:56.721Z] [API] GET /fortnite -> 200 | {"duration":"7ms"}
[2026-07-14T03:33:01.581Z] [API] GET /fortnite -> 200 | {"duration":"4ms"}
[2026-07-14T03:33:06.490Z] [API] GET /fortnite -> 200 | {"duration":"4ms"}
[2026-07-14T03:33:13.467Z] [API] GET /fortnite -> 200 | {"duration":"3ms"}
[2026-07-14T03:33:40.040Z] [API] GET /fortnite -> 200 | {"duration":"4ms"}
[2026-07-14T03:37:43.619Z] [API] GET /fortnite -> 200 | {"duration":"1218ms"}
[2026-07-14T03:37:50.243Z] [API] GET /riot -> 200 | {"duration":"983ms"}
[2026-07-14T03:37:57.368Z] [API] GET / -> 200 | {"duration":"906ms"}
[2026-07-14T03:38:04.313Z] [INFO] User logged in: admin
[2026-07-14T03:38:21.077Z] [API] GET /fortnite -> 200 | {"duration":"1162ms"}
[2026-07-14T03:38:43.697Z] [API] GET /riot -> 200 | {"duration":"958ms"}
[2026-07-14T03:38:47.680Z] [API] GET /246519032 -> 200 | {"duration":"255ms"}
[2026-07-14T03:38:50.607Z] [API] GET /246519032 -> 200 | {"duration":"250ms"}
[2026-07-14T03:38:57.359Z] [API] GET /fortnite -> 200 | {"duration":"1042ms"}
[2026-07-14T03:40:24.078Z] [API] GET /fortnite -> 200 | {"duration":"4ms"}
[2026-07-14T03:40:27.946Z] [API] GET /fortnite -> 200 | {"duration":"4ms"}
[2026-07-14T03:40:33.673Z] [API] GET /fortnite -> 200 | {"duration":"4ms"}
[2026-07-14T03:40:37.359Z] [API] GET /fortnite -> 200 | {"duration":"4ms"}
[2026-07-14T03:41:21.054Z] [API] GET /fortnite -> 200 | {"duration":"1060ms"}
[2026-07-14T03:42:06.610Z] [API] GET /riot -> 200 | {"duration":"1114ms"}
[2026-07-14T03:42:10.617Z] [API] GET /fortnite -> 200 | {"duration":"874ms"}
[2026-07-14T03:42:31.005Z] [API] GET /fortnite -> 200 | {"duration":"3ms"}
[2026-07-14T03:43:06.890Z] [API] GET /fortnite -> 200 | {"duration":"4ms"}
[2026-07-14T03:43:52.273Z] [API] GET /fortnite -> 200 | {"duration":"1119ms"}
[2026-07-14T03:44:04.796Z] [API] GET /fortnite -> 200 | {"duration":"1109ms"}
[2026-07-14T03:44:13.528Z] [API] GET /fortnite -> 200 | {"duration":"1147ms"}
[2026-07-14T03:51:59.861Z] [API] GET /fortnite -> 200 | {"duration":"1317ms"}
[2026-07-14T03:52:12.737Z] [API] GET /fortnite -> 200 | {"duration":"1018ms"}
[2026-07-14T03:52:20.624Z] [API] GET /fortnite -> 200 | {"duration":"1200ms"}
[2026-07-14T03:52:45.430Z] [API] GET /fortnite -> 200 | {"duration":"1084ms"}
[2026-07-14T03:52:50.283Z] [API] GET /fortnite -> 200 | {"duration":"775ms"}
[2026-07-14T03:57:20.430Z] [API] GET /fortnite -> 200 | {"duration":"1103ms"}
[2026-07-14T03:57:27.520Z] [API] GET /fortnite -> 200 | {"duration":"1189ms"}
[2026-07-14T03:57:32.418Z] [API] GET /fortnite -> 200 | {"duration":"970ms"}
[2026-07-14T03:58:00.782Z] [API] GET /245421811 -> 200 | {"duration":"658ms"}
[2026-07-14T03:58:08.126Z] [API] GET /riot -> 200 | {"duration":"1261ms"}
[2026-07-14T03:58:16.671Z] [API] GET /riot -> 200 | {"duration":"882ms"}
[2026-07-14T04:04:32.613Z] [API] GET /riot -> 200 | {"duration":"1418ms"}
[2026-07-14T04:04:53.125Z] [API] GET /riot -> 200 | {"duration":"985ms"}
[2026-07-14T04:05:07.897Z] [API] GET /riot -> 200 | {"duration":"1029ms"}
[2026-07-14T04:05:18.877Z] [API] GET /fortnite -> 200 | {"duration":"1074ms"}
[2026-07-14T04:08:35.177Z] [API] GET /fortnite -> 200 | {"duration":"1334ms"}
[2026-07-14T04:08:49.103Z] [API] GET /riot -> 200 | {"duration":"970ms"}
[2026-07-14T04:12:17.158Z] [API] GET /fortnite -> 200 | {"duration":"1151ms"}
[2026-07-14T04:15:23.122Z] [API] GET /fortnite -> 200 | {"duration":"1189ms"}
[2026-07-14T04:18:58.454Z] [API] GET / -> 200 | {"duration":"997ms"}
[2026-07-14T04:20:50.832Z] [API] GET / -> 200 | {"duration":"939ms"}
[2026-07-14T04:20:58.650Z] [API] GET /fortnite -> 200 | {"duration":"1167ms"}
[2026-07-14T04:21:31.089Z] [API] GET /fortnite -> 200 | {"duration":"1071ms"}
[2026-07-14T04:22:11.043Z] [API] GET /fortnite -> 200 | {"duration":"3ms"}
[2026-07-14T04:23:19.259Z] [API] GET /fortnite -> 200 | {"duration":"1088ms"}
[2026-07-14T04:25:24.015Z] [API] GET /fortnite -> 200 | {"duration":"1219ms"}
[2026-07-14T04:26:50.093Z] [API] GET /fortnite -> 200 | {"duration":"492ms"}
[2026-07-14T04:27:51.224Z] [API] GET /fortnite -> 200 | {"duration":"3ms"}
[2026-07-14T04:27:51.233Z] [API] GET /fortnite -> 200 | {"duration":"3ms"}
[2026-07-14T04:28:03.483Z] [API] GET /fortnite -> 200 | {"duration":"489ms"}
[2026-07-14T04:28:08.068Z] [API] GET /fortnite -> 200 | {"duration":"3ms"}
[2026-07-14T04:28:12.028Z] [API] GET /fortnite -> 200 | {"duration":"3ms"}
[2026-07-14T04:28:18.076Z] [API] GET /fortnite -> 200 | {"duration":"2ms"}
[2026-07-14T04:28:22.717Z] [API] GET /fortnite -> 200 | {"duration":"3ms"}
[2026-07-14T04:28:26.707Z] [API] GET /fortnite -> 200 | {"duration":"4ms"}
[2026-07-14T04:28:40.618Z] [API] GET /fortnite -> 200 | {"duration":"3ms"}
[2026-07-14T04:28:44.031Z] [API] GET /fortnite -> 200 | {"duration":"6ms"}
[2026-07-14T04:30:13.465Z] [API] GET / -> 200 | {"duration":"1150ms"}
[2026-07-14T04:30:23.998Z] [API] GET /fortnite -> 200 | {"duration":"1166ms"}
[2026-07-14T04:59:10.520Z] [API] GET /fortnite -> 200 | {"duration":"1353ms"}
[2026-07-14T04:59:54.522Z] [API] GET /fortnite -> 200 | {"duration":"1036ms"}
[2026-07-14T05:02:52.415Z] [API] GET /fortnite -> 200 | {"duration":"1160ms"}
[2026-07-14T05:03:00.531Z] [API] GET /fortnite -> 200 | {"duration":"827ms"}
[2026-07-14T05:03:05.341Z] [API] GET /fortnite -> 200 | {"duration":"1223ms"}
[2026-07-14T05:03:14.674Z] [API] GET /fortnite -> 200 | {"duration":"1282ms"}
[2026-07-14T05:04:26.951Z] [API] GET /fortnite -> 200 | {"duration":"515ms"}
[2026-07-14T05:07:07.986Z] [API] GET /fortnite -> 200 | {"duration":"567ms"}
[2026-07-14T05:07:15.554Z] [API] GET /fortnite -> 200 | {"duration":"1853ms"}
[2026-07-14T05:17:19.411Z] [API] GET /fortnite -> 200 | {"duration":"1302ms"}
[2026-07-14T05:18:08.853Z] [API] GET /fortnite -> 200 | {"duration":"5ms"}
[2026-07-14T05:18:21.338Z] [API] GET /fortnite -> 200 | {"duration":"3ms"}
[2026-07-14T05:22:14.402Z] [API] GET /fortnite -> 200 | {"duration":"5ms"}
[2026-07-14T05:22:18.499Z] [API] GET /fortnite -> 200 | {"duration":"6ms"}
[2026-07-14T05:22:50.595Z] [API] GET /fortnite -> 200 | {"duration":"1132ms"}
[2026-07-14T05:22:53.262Z] [API] GET /fortnite -> 200 | {"duration":"4ms"}
[2026-07-14T05:24:17.847Z] [API] GET /fortnite -> 200 | {"duration":"1107ms"}
[2026-07-14T05:24:37.231Z] [API] GET /fortnite -> 200 | {"duration":"802ms"}
[2026-07-14T05:24:55.187Z] [API] GET /fortnite -> 200 | {"duration":"704ms"}
[2026-07-14T06:25:53.465Z] [API] GET /fortnite -> 200 | {"duration":"1552ms"}
[2026-07-14T06:26:15.850Z] [API] GET /fortnite -> 200 | {"duration":"1076ms"}
[2026-07-14T06:26:33.307Z] [API] GET /fortnite -> 200 | {"duration":"865ms"}
[2026-07-14T06:29:23.411Z] [API] GET /fortnite -> 200 | {"duration":"5ms"}
[2026-07-14T06:29:39.745Z] [API] GET /fortnite -> 200 | {"duration":"3ms"}
[2026-07-14T06:29:48.105Z] [API] GET /fortnite -> 200 | {"duration":"3ms"}
[2026-07-14T06:30:25.094Z] [API] GET /fortnite -> 200 | {"duration":"1114ms"}
[2026-07-14T06:30:40.303Z] [API] GET /fortnite -> 200 | {"duration":"1089ms"}
[2026-07-14T06:30:53.026Z] [API] GET /fortnite -> 200 | {"duration":"1057ms"}
[2026-07-14T06:30:56.930Z] [API] GET /fortnite -> 200 | {"duration":"773ms"}
[2026-07-14T06:31:00.039Z] [API] GET /fortnite -> 200 | {"duration":"3ms"}
[2026-07-14T06:31:59.021Z] [API] GET /fortnite -> 200 | {"duration":"1233ms"}
[2026-07-14T06:41:52.072Z] [API] GET /fortnite -> 200 | {"duration":"1409ms"}
[2026-07-14T06:41:55.676Z] [API] GET / -> 200 | {"duration":"776ms"}
[2026-07-14T06:45:37.320Z] [API] GET /fortnite -> 200 | {"duration":"1096ms"}
[2026-07-14T13:03:50.206Z] [API] GET /fortnite -> 200 | {"duration":"1423ms"}
[2026-07-14T13:06:23.465Z] [API] GET /fortnite -> 200 | {"duration":"1215ms"}
[2026-07-14T13:06:32.159Z] [API] GET /fortnite -> 200 | {"duration":"1240ms"}
[2026-07-14T13:11:15.866Z] [API] GET / -> 200 | {"duration":"1044ms"}
[2026-07-14T13:11:25.436Z] [API] GET /fortnite -> 200 | {"duration":"1333ms"}
[2026-07-14T13:11:44.146Z] [API] GET /fortnite -> 200 | {"duration":"968ms"}
[2026-07-14T13:13:00.035Z] [API] GET /fortnite -> 200 | {"duration":"1047ms"}
[2026-07-14T13:13:00.196Z] [API] GET /fortnite -> 200 | {"duration":"814ms"}
[2026-07-14T13:13:00.383Z] [API] GET /fortnite -> 200 | {"duration":"838ms"}
[2026-07-14T13:13:00.449Z] [API] GET /fortnite -> 200 | {"duration":"853ms"}
[2026-07-14T13:13:00.529Z] [API] GET /fortnite -> 200 | {"duration":"839ms"}
[2026-07-14T13:13:00.549Z] [API] GET /fortnite -> 200 | {"duration":"837ms"}
[2026-07-14T13:13:20.292Z] [API] GET /fortnite -> 200 | {"duration":"4ms"}
[2026-07-14T13:20:22.905Z] [API] GET /fortnite -> 200 | {"duration":"1335ms"}
[2026-07-14T13:20:46.286Z] [API] GET /fortnite -> 200 | {"duration":"1347ms"}
[2026-07-14T13:20:47.638Z] [API] GET /fortnite -> 200 | {"duration":"999ms"}
[2026-07-14T13:20:48.754Z] [API] GET /fortnite -> 200 | {"duration":"877ms"}
[2026-07-14T13:20:56.284Z] [API] GET /fortnite -> 200 | {"duration":"1064ms"}
[2026-07-14T13:20:57.501Z] [API] GET /fortnite -> 200 | {"duration":"934ms"}
[2026-07-14T13:20:58.638Z] [API] GET /fortnite -> 200 | {"duration":"885ms"}
[2026-07-14T13:21:34.049Z] [API] GET /fortnite -> 200 | {"duration":"4ms"}
[2026-07-14T13:21:34.065Z] [API] GET /fortnite -> 200 | {"duration":"3ms"}
[2026-07-14T13:21:34.082Z] [API] GET /fortnite -> 200 | {"duration":"3ms"}
[2026-07-14T13:21:34.574Z] [API] GET /fortnite -> 200 | {"duration":"4ms"}
[2026-07-14T13:21:34.585Z] [API] GET /fortnite -> 200 | {"duration":"3ms"}
[2026-07-14T13:21:34.596Z] [API] GET /fortnite -> 200 | {"duration":"2ms"}
[2026-07-14T13:21:42.683Z] [API] GET /fortnite -> 200 | {"duration":"5ms"}
[2026-07-14T13:21:42.698Z] [API] GET /fortnite -> 200 | {"duration":"7ms"}
[2026-07-14T13:21:42.711Z] [API] GET /fortnite -> 200 | {"duration":"3ms"}
[2026-07-14T13:21:51.011Z] [API] GET /fortnite -> 200 | {"duration":"3ms"}
[2026-07-14T13:21:51.022Z] [API] GET /fortnite -> 200 | {"duration":"2ms"}
[2026-07-14T13:21:51.033Z] [API] GET /fortnite -> 200 | {"duration":"3ms"}
[2026-07-14T13:22:31.571Z] [API] GET /fortnite -> 200 | {"duration":"1183ms"}
[2026-07-14T13:22:32.614Z] [API] GET /fortnite -> 200 | {"duration":"785ms"}
[2026-07-14T13:22:33.691Z] [API] GET /fortnite -> 200 | {"duration":"750ms"}
[2026-07-14T13:22:35.295Z] [API] GET /fortnite -> 200 | {"duration":"1400ms"}
[2026-07-14T13:22:36.620Z] [API] GET /fortnite -> 200 | {"duration":"955ms"}
[2026-07-14T13:22:37.989Z] [API] GET /fortnite -> 200 | {"duration":"988ms"}
[2026-07-14T13:22:59.637Z] [API] GET /fortnite -> 200 | {"duration":"1346ms"}
[2026-07-14T13:23:11.614Z] [API] GET / -> 200 | {"duration":"1038ms"}
[2026-07-14T13:23:12.438Z] [API] GET / -> 200 | {"duration":"805ms"}
[2026-07-14T13:23:13.700Z] [API] GET / -> 200 | {"duration":"1237ms"}
[2026-07-14T13:23:36.174Z] [API] GET / -> 200 | {"duration":"3ms"}
[2026-07-14T13:23:36.272Z] [API] GET / -> 200 | {"duration":"1ms"}
[2026-07-14T13:23:36.275Z] [API] GET / -> 200 | {"duration":"2ms"}
[2026-07-14T13:23:36.279Z] [API] GET / -> 200 | {"duration":"2ms"}
[2026-07-14T13:23:36.305Z] [API] GET / -> 200 | {"duration":"2ms"}
[2026-07-14T13:23:36.336Z] [API] GET / -> 200 | {"duration":"2ms"}
[2026-07-14T13:23:37.398Z] [API] GET / -> 200 | {"duration":"1287ms"}
[2026-07-14T13:23:51.710Z] [API] GET / -> 200 | {"duration":"2ms"}
[2026-07-14T13:24:56.017Z] [API] GET / -> 200 | {"duration":"1286ms"}
[2026-07-14T13:24:59.425Z] [API] GET /fortnite -> 200 | {"duration":"963ms"}
[2026-07-14T13:25:07.545Z] [API] GET /fortnite -> 200 | {"duration":"1095ms"}
[2026-07-14T13:25:33.581Z] [API] GET / -> 200 | {"duration":"1185ms"}
[2026-07-14T13:25:45.857Z] [API] GET /riot -> 200 | {"duration":"1021ms"}
[2026-07-14T13:25:55.171Z] [API] GET /246607473 -> 200 | {"duration":"480ms"}
[2026-07-14T13:26:55.076Z] [API] GET /riot -> 200 | {"duration":"3ms"}
[2026-07-14T13:26:59.590Z] [API] GET /riot -> 200 | {"duration":"4ms"}
[2026-07-14T13:27:12.353Z] [API] GET /riot -> 200 | {"duration":"4ms"}
[2026-07-14T13:27:16.580Z] [API] GET /riot -> 200 | {"duration":"4ms"}
[2026-07-14T13:27:22.622Z] [API] GET /riot -> 200 | {"duration":"3ms"}
[2026-07-14T13:27:40.606Z] [API] GET /riot -> 200 | {"duration":"4ms"}
[2026-07-14T13:27:44.923Z] [API] GET /riot -> 200 | {"duration":"3ms"}
[2026-07-14T13:28:02.816Z] [API] GET /riot -> 200 | {"duration":"6ms"}
[2026-07-14T13:29:17.431Z] [API] GET /riot -> 200 | {"duration":"2252ms"}
[2026-07-14T13:29:28.632Z] [API] GET /fortnite -> 200 | {"duration":"2371ms"}
[2026-07-14T13:29:40.111Z] [API] GET /riot -> 200 | {"duration":"561ms"}
[2026-07-14T13:29:50.818Z] [API] GET /riot -> 200 | {"duration":"1057ms"}
[2026-07-14T13:30:27.732Z] [API] GET /riot -> 200 | {"duration":"660ms"}
[2026-07-14T13:31:37.381Z] [API] GET /riot -> 200 | {"duration":"3ms"}
[2026-07-14T13:31:42.907Z] [API] GET /riot -> 200 | {"duration":"3ms"}
[2026-07-14T13:31:56.181Z] [API] GET /riot -> 200 | {"duration":"3ms"}
[2026-07-14T13:32:15.455Z] [API] GET /riot -> 200 | {"duration":"4ms"}
[2026-07-14T13:32:40.658Z] [API] GET /riot -> 200 | {"duration":"494ms"}
[2026-07-14T13:32:46.199Z] [API] GET /riot -> 200 | {"duration":"1237ms"}
[2026-07-14T13:32:59.082Z] [API] GET /riot -> 200 | {"duration":"967ms"}
[2026-07-14T13:33:41.015Z] [API] GET /riot -> 200 | {"duration":"950ms"}
[2026-07-14T13:34:08.252Z] [API] GET /riot -> 200 | {"duration":"720ms"}
[2026-07-14T13:34:47.994Z] [API] GET /fortnite -> 200 | {"duration":"1342ms"}
[2026-07-14T13:35:28.496Z] [INFO] Wallet deposit: user=1 amount=1 | {"note":"Admin adjustment"}
[2026-07-14T13:35:32.930Z] [API] GET /fortnite -> 200 | {"duration":"1314ms"}
[2026-07-14T13:35:33.132Z] [API] GET /fortnite -> 200 | {"duration":"1299ms"}
[2026-07-14T13:35:39.125Z] [API] GET /fortnite -> 200 | {"duration":"6ms"}
[2026-07-14T13:37:09.144Z] [API] GET /fortnite -> 200 | {"duration":"1069ms"}
[2026-07-14T13:37:11.688Z] [API] GET /246609184 -> 200 | {"duration":"250ms"}
[2026-07-14T13:37:19.273Z] [API] GET /246381690 -> 200 | {"duration":"735ms"}
[2026-07-14T13:39:09.864Z] [API] GET /246381690 -> 200 | {"duration":"4ms"}
[2026-07-14T13:39:22.089Z] [API] GET /246381690 -> 200 | {"duration":"6ms"}
[2026-07-14T13:39:29.378Z] [API] GET /246381690 -> 200 | {"duration":"4ms"}
[2026-07-14T13:40:00.914Z] [API] GET /246381690 -> 200 | {"duration":"779ms"}
[2026-07-14T13:40:22.258Z] [API] GET /fortnite -> 200 | {"duration":"1421ms"}
[2026-07-14T13:40:33.137Z] [API] GET /fortnite -> 200 | {"duration":"6ms"}
[2026-07-14T13:40:41.485Z] [API] GET /fortnite -> 200 | {"duration":"6ms"}
[2026-07-14T13:42:01.663Z] [API] GET /fortnite -> 200 | {"duration":"2733ms"}
[2026-07-14T13:42:03.673Z] [API] GET /246609828 -> 200 | {"duration":"346ms"}
[2026-07-14T13:42:13.465Z] [API] GET /fortnite -> 200 | {"duration":"2082ms"}
[2026-07-14T13:42:14.993Z] [API] GET /245209487 -> 200 | {"duration":"436ms"}
[2026-07-14T13:42:44.316Z] [API] GET /245209487 -> 200 | {"duration":"6ms"}
[2026-07-14T13:42:50.773Z] [API] GET /245209487 -> 200 | {"duration":"8ms"}
[2026-07-14T13:42:58.010Z] [API] GET /245209487 -> 200 | {"duration":"6ms"}
[2026-07-14T13:43:52.468Z] [API] GET /245209487 -> 200 | {"duration":"899ms"}
[2026-07-14T13:44:13.642Z] [API] GET /245209487 -> 200 | {"duration":"6ms"}
[2026-07-14T13:44:52.059Z] [API] GET /245209487 -> 200 | {"duration":"884ms"}
[2026-07-14T13:45:24.221Z] [API] GET /245209487 -> 200 | {"duration":"841ms"}
[2026-07-14T13:46:08.834Z] [API] GET /245209487 -> 200 | {"duration":"840ms"}
[2026-07-14T13:46:59.669Z] [API] GET /fortnite -> 200 | {"duration":"1383ms"}
[2026-07-14T13:47:04.983Z] [API] GET /fortnite -> 200 | {"duration":"6ms"}
[2026-07-14T13:47:16.601Z] [API] GET /fortnite -> 200 | {"duration":"4ms"}
[2026-07-14T13:47:37.471Z] [API] GET /fortnite -> 200 | {"duration":"1576ms"}
[2026-07-14T13:47:39.304Z] [API] GET /246447905 -> 200 | {"duration":"260ms"}
[2026-07-14T13:47:48.910Z] [API] GET /246447905 -> 200 | {"duration":"484ms"}
[2026-07-14T13:48:09.892Z] [API] POST /246447905/fast-buy -> 200 | {"duration":"20980ms"}
[2026-07-14T13:48:09.892Z] [INFO] Wallet deduction: user=1 amount=0.01 | {"note":"Purchased: Etmd | 1 скин | Yeddy | Boogie Down"}
[2026-07-14T13:48:09.893Z] [INFO] Purchase successful: user=1 item=246447905 price=0.01 | {"orderId":1}
[2026-07-14T13:48:48.914Z] [API] GET /fortnite -> 200 | {"duration":"1233ms"}
[2026-07-14T13:48:49.047Z] [API] GET /fortnite -> 200 | {"duration":"1321ms"}
[2026-07-14T13:48:49.720Z] [API] GET /fortnite -> 200 | {"duration":"1514ms"}
[2026-07-14T13:48:57.235Z] [API] GET /fortnite -> 200 | {"duration":"1261ms"}
[2026-07-14T13:49:02.676Z] [API] GET /fortnite -> 200 | {"duration":"524ms"}
[2026-07-14T13:49:23.099Z] [API] GET /fortnite -> 200 | {"duration":"3ms"}
[2026-07-14T13:49:33.962Z] [API] GET /fortnite -> 200 | {"duration":"2ms"}
[2026-07-14T13:49:58.504Z] [API] GET /fortnite -> 200 | {"duration":"510ms"}
[2026-07-14T13:50:17.703Z] [API] GET /fortnite -> 200 | {"duration":"1107ms"}
[2026-07-14T13:52:08.691Z] [API] GET /fortnite -> 200 | {"duration":"667ms"}
[2026-07-14T13:53:18.636Z] [API] GET /fortnite -> 200 | {"duration":"2ms"}
[2026-07-14T13:54:41.414Z] [API] GET /fortnite -> 200 | {"duration":"483ms"}
[2026-07-14T13:55:28.238Z] [API] GET /fortnite -> 200 | {"duration":"853ms"}
[2026-07-14T13:55:53.354Z] [API] GET /riot -> 200 | {"duration":"1212ms"}
[2026-07-14T13:58:27.649Z] [API] GET /riot -> 200 | {"duration":"1165ms"}
[2026-07-14T13:59:23.985Z] [API] GET /riot -> 200 | {"duration":"535ms"}
[2026-07-14T14:00:15.925Z] [API] GET /riot -> 200 | {"duration":"566ms"}
[2026-07-14T14:02:38.925Z] [API] GET /fortnite -> 200 | {"duration":"1372ms"}
[2026-07-14T14:03:35.978Z] [API] GET /fortnite -> 200 | {"duration":"4ms"}
[2026-07-14T14:03:35.985Z] [API] GET /riot -> 200 | {"duration":"4ms"}
[2026-07-14T14:03:42.488Z] [API] GET /fortnite -> 200 | {"duration":"5ms"}
[2026-07-14T14:03:42.530Z] [API] GET /riot -> 200 | {"duration":"2ms"}
[2026-07-14T14:03:48.347Z] [API] GET /riot -> 200 | {"duration":"984ms"}
[2026-07-14T14:03:48.529Z] [API] GET /fortnite -> 200 | {"duration":"1131ms"}
[2026-07-14T14:04:00.971Z] [API] GET /riot -> 200 | {"duration":"4ms"}
[2026-07-14T14:04:01.009Z] [API] GET /fortnite -> 200 | {"duration":"4ms"}
[2026-07-14T14:04:16.450Z] [API] GET /riot -> 200 | {"duration":"1353ms"}
[2026-07-14T14:04:16.731Z] [API] GET /fortnite -> 200 | {"duration":"1521ms"}
[2026-07-14T14:04:19.379Z] [API] GET /riot -> 200 | {"duration":"3ms"}
[2026-07-14T14:04:19.415Z] [API] GET /fortnite -> 200 | {"duration":"2ms"}
[2026-07-14T14:04:25.627Z] [API] GET /fortnite -> 200 | {"duration":"1077ms"}
[2026-07-14T14:04:25.804Z] [API] GET /riot -> 200 | {"duration":"1381ms"}
[2026-07-14T14:04:29.483Z] [API] GET /riot -> 200 | {"duration":"3ms"}
[2026-07-14T14:04:29.531Z] [API] GET /fortnite -> 200 | {"duration":"4ms"}
[2026-07-14T14:04:49.601Z] [API] GET /riot -> 200 | {"duration":"1082ms"}
[2026-07-14T14:04:49.931Z] [API] GET /fortnite -> 200 | {"duration":"1306ms"}
[2026-07-14T14:05:04.949Z] [API] GET /riot -> 200 | {"duration":"2ms"}
[2026-07-14T14:05:04.981Z] [API] GET /fortnite -> 200 | {"duration":"3ms"}
[2026-07-14T14:05:10.478Z] [API] GET /riot -> 200 | {"duration":"1243ms"}
[2026-07-14T14:05:10.720Z] [API] GET /fortnite -> 200 | {"duration":"1190ms"}
[2026-07-14T14:05:33.529Z] [API] GET /riot -> 200 | {"duration":"1403ms"}
[2026-07-14T14:05:33.837Z] [API] GET /fortnite -> 200 | {"duration":"1445ms"}
[2026-07-14T14:05:54.362Z] [API] GET /riot -> 200 | {"duration":"5ms"}
[2026-07-14T14:05:54.427Z] [API] GET /fortnite -> 200 | {"duration":"3ms"}
[2026-07-14T14:06:43.069Z] [API] GET /riot -> 200 | {"duration":"1209ms"}
[2026-07-14T14:06:43.216Z] [API] GET /fortnite -> 200 | {"duration":"1103ms"}
[2026-07-14T14:06:45.300Z] [API] GET /245878979 -> 200 | {"duration":"249ms"}
[2026-07-14T14:06:50.556Z] [API] GET /246613595 -> 200 | {"duration":"696ms"}
[2026-07-14T14:08:11.148Z] [API] GET /246613595 -> 200 | {"duration":"5ms"}
[2026-07-14T14:08:11.212Z] [API] GET /fortnite -> 200 | {"duration":"3ms"}
[2026-07-14T14:08:18.697Z] [API] GET /fortnite -> 200 | {"duration":"4ms"}
[2026-07-14T14:08:18.805Z] [API] GET /246613595 -> 200 | {"duration":"4ms"}
[2026-07-14T14:08:23.958Z] [API] GET /fortnite -> 200 | {"duration":"3ms"}
[2026-07-14T14:08:24.086Z] [API] GET /246613595 -> 200 | {"duration":"5ms"}
[2026-07-14T14:09:33.365Z] [API] GET /246613595 -> 200 | {"duration":"859ms"}
[2026-07-14T14:09:35.689Z] [API] GET /fortnite -> 200 | {"duration":"2643ms"}
[2026-07-14T14:10:46.160Z] [API] GET /fortnite -> 200 | {"duration":"4ms"}
[2026-07-14T14:10:55.140Z] [API] GET /fortnite -> 200 | {"duration":"4ms"}
[2026-07-14T14:11:03.001Z] [API] GET /fortnite -> 200 | {"duration":"3ms"}
[2026-07-14T14:11:40.387Z] [API] GET /fortnite -> 200 | {"duration":"1025ms"}
[2026-07-14T14:12:18.890Z] [API] GET /fortnite -> 200 | {"duration":"3ms"}
[2026-07-14T14:12:46.467Z] [API] GET /fortnite -> 200 | {"duration":"1321ms"}
[2026-07-14T14:13:11.481Z] [API] GET /fortnite -> 200 | {"duration":"3ms"}
[2026-07-14T14:13:24.909Z] [API] GET /fortnite -> 200 | {"duration":"3ms"}
[2026-07-14T14:15:03.985Z] [API] GET /fortnite -> 200 | {"duration":"1515ms"}
[2026-07-14T14:15:38.106Z] [API] GET /fortnite -> 200 | {"duration":"1367ms"}
[2026-07-14T14:15:38.325Z] [API] GET /fortnite -> 200 | {"duration":"1532ms"}
[2026-07-14T14:15:48.234Z] [API] GET /fortnite -> 200 | {"duration":"4ms"}
[2026-07-14T14:16:36.777Z] [API] GET /fortnite -> 200 | {"duration":"1510ms"}
[2026-07-14T14:49:02.596Z] [API] GET /fortnite -> 200 | {"duration":"1351ms"}
[2026-07-14T14:50:09.373Z] [API] GET /fortnite -> 200 | {"duration":"5ms"}
[2026-07-14T14:50:30.932Z] [API] GET /fortnite -> 200 | {"duration":"8ms"}
[2026-07-14T14:50:44.111Z] [API] GET /fortnite -> 200 | {"duration":"4ms"}
[2026-07-14T14:51:00.562Z] [API] GET /fortnite -> 200 | {"duration":"3ms"}
[2026-07-14T14:53:43.554Z] [API] GET /fortnite -> 200 | {"duration":"1169ms"}
[2026-07-14T14:58:21.787Z] [API] GET /fortnite -> 200 | {"duration":"3ms"}
[2026-07-14T14:58:27.692Z] [API] GET /fortnite -> 200 | {"duration":"5ms"}
[2026-07-14T14:58:38.832Z] [API] GET /fortnite -> 200 | {"duration":"3ms"}
[2026-07-14T14:58:46.178Z] [API] GET /fortnite -> 200 | {"duration":"4ms"}
[2026-07-14T15:05:05.515Z] [API] GET /fortnite -> 200 | {"duration":"1529ms"}
[2026-07-14T15:05:38.077Z] [API] GET /fortnite -> 200 | {"duration":"5ms"}
[2026-07-14T15:05:44.621Z] [API] GET /fortnite -> 200 | {"duration":"3ms"}
[2026-07-14T15:07:46.872Z] [API] GET /fortnite -> 200 | {"duration":"2ms"}
[2026-07-14T15:08:09.471Z] [API] GET /fortnite -> 200 | {"duration":"2ms"}
[2026-07-14T15:08:22.092Z] [API] GET /fortnite -> 200 | {"duration":"3ms"}
[2026-07-14T15:10:26.343Z] [API] GET /fortnite -> 200 | {"duration":"4ms"}
[2026-07-14T15:10:31.160Z] [API] GET /fortnite -> 200 | {"duration":"2ms"}
[2026-07-14T15:11:06.256Z] [API] GET /fortnite -> 200 | {"duration":"1235ms"}
[2026-07-14T15:11:06.976Z] [API] GET /fortnite -> 200 | {"duration":"1928ms"}
[2026-07-14T15:12:22.159Z] [API] GET /fortnite -> 200 | {"duration":"2ms"}
[2026-07-14T15:12:33.944Z] [API] GET /fortnite -> 200 | {"duration":"3ms"}
[2026-07-14T15:12:45.573Z] [API] GET /fortnite -> 200 | {"duration":"2ms"}
[2026-07-14T15:14:34.481Z] [API] GET /riot -> 200 | {"duration":"1305ms"}
[2026-07-14T15:14:35.704Z] [API] GET /fortnite -> 200 | {"duration":"1140ms"}
[2026-07-14T15:18:22.320Z] [API] GET /fortnite -> 200 | {"duration":"1120ms"}
[2026-07-14T15:19:04.701Z] [API] GET /fortnite -> 200 | {"duration":"1129ms"}
[2026-07-14T15:19:04.778Z] [API] GET /fortnite -> 200 | {"duration":"1130ms"}
[2026-07-14T15:19:04.845Z] [API] GET /fortnite -> 200 | {"duration":"1138ms"}
[2026-07-14T15:19:04.878Z] [API] GET /fortnite -> 200 | {"duration":"1162ms"}
[2026-07-14T15:20:20.670Z] [API] GET /riot -> 200 | {"duration":"1611ms"}
[2026-07-14T15:20:23.485Z] [API] GET /fortnite -> 200 | {"duration":"1114ms"}
[2026-07-14T15:23:53.817Z] [API] GET /riot -> 200 | {"duration":"1016ms"}
[2026-07-14T15:23:55.154Z] [API] GET /242897049 -> 200 | {"duration":"258ms"}
[2026-07-14T15:24:38.535Z] [API] GET /242897049 -> 200 | {"duration":"7ms"}
[2026-07-14T15:24:51.842Z] [API] GET /242897049 -> 200 | {"duration":"5ms"}
[2026-07-14T15:25:03.444Z] [API] GET /242897049 -> 200 | {"duration":"5ms"}
[2026-07-14T15:25:16.529Z] [API] GET /242897049 -> 200 | {"duration":"5ms"}
[2026-07-14T15:25:31.950Z] [API] GET /242897049 -> 200 | {"duration":"6ms"}
[2026-07-14T15:25:37.064Z] [API] GET /242897049 -> 200 | {"duration":"6ms"}
[2026-07-14T15:25:41.607Z] [API] GET /242897049 -> 200 | {"duration":"6ms"}
[2026-07-14T15:25:49.282Z] [API] GET /fortnite -> 200 | {"duration":"2ms"}
[2026-07-14T15:26:06.919Z] [API] GET /242897049 -> 200 | {"duration":"719ms"}
[2026-07-14T15:26:08.645Z] [API] GET /fortnite -> 200 | {"duration":"2450ms"}
[2026-07-14T15:26:08.784Z] [API] GET /fortnite -> 200 | {"duration":"2624ms"}
[2026-07-14T15:26:31.844Z] [API] GET /246621322 -> 200 | {"duration":"862ms"}
[2026-07-14T15:26:47.570Z] [API] GET /fortnite -> 200 | {"duration":"2889ms"}
[2026-07-14T15:26:49.336Z] [API] GET /246620024 -> 200 | {"duration":"528ms"}
[2026-07-14T15:27:09.577Z] [API] GET /246620024 -> 200 | {"duration":"724ms"}
[2026-07-14T15:27:10.196Z] [API] GET /fortnite -> 200 | {"duration":"1261ms"}
[2026-07-14T15:29:32.526Z] [API] GET /fortnite -> 200 | {"duration":"2ms"}
[2026-07-14T15:30:24.950Z] [API] GET /fortnite -> 200 | {"duration":"2ms"}
[2026-07-14T15:30:35.309Z] [API] GET /fortnite -> 200 | {"duration":"2ms"}
