[2026-07-14T03:30:37.293Z] [ERROR] LZT API request failed: GET /escapefromtarkov | {"error":"Error: LZT API error 404: {\"errors\":[\"The requested page could not be found.\"],\"system_info\":{\"visitor_id\":10685358,\"time\":1783999837,\"log_id\":6446458847}}"}
[2026-07-15T14:59:35.531Z] [ERROR] LZT API request failed: POST /246818281/fast-buy | {"error":"Error: LZT API error: HTTP 504"}
[2026-07-15T14:59:35.532Z] [ERROR] Purchase failed: user=4 item=246818281 | {"error":"Error: LZT API error: HTTP 504"}
[2026-07-25T21:06:18.356Z] [ERROR] LZT API request failed: GET /fortnite | {"error":"Error: LZT API error: [\"Технические работы // Technical works. <a href=\\\"https://t.me/lolz_guru\\\">https://t.me/lolz_guru</a>\"]"}
[2026-07-25T21:06:18.363Z] [ERROR] LZT API request failed: GET /fortnite | {"error":"Error: LZT API error: [\"Технические работы // Technical works. <a href=\\\"https://t.me/lolz_guru\\\">https://t.me/lolz_guru</a>\"]"}
[2026-07-25T21:06:21.890Z] [ERROR] LZT API request failed: GET /fortnite | {"error":"Error: LZT API error: [\"Технические работы // Technical works. <a href=\\\"https://t.me/lolz_guru\\\">https://t.me/lolz_guru</a>\"]"}
[2026-07-25T21:06:21.923Z] [ERROR] LZT API request failed: GET /fortnite | {"error":"Error: LZT API error: [\"Технические работы // Technical works. <a href=\\\"https://t.me/lolz_guru\\\">https://t.me/lolz_guru</a>\"]"}
[2026-07-25T21:06:23.073Z] [ERROR] LZT API request failed: GET /fortnite | {"error":"Error: LZT API error: [\"Технические работы // Technical works. <a href=\\\"https://t.me/lolz_guru\\\">https://t.me/lolz_guru</a>\"]"}
[2026-07-25T21:11:56.151Z] [ERROR] LZT API request failed: GET /fortnite | {"error":"Error: LZT Market is currently under maintenance. Please try again later."}
[2026-07-25T21:11:58.109Z] [ERROR] LZT API request failed: GET /fortnite | {"error":"Error: LZT Market is currently under maintenance. Please try again later."}
[2026-07-25T21:11:58.355Z] [ERROR] LZT API request failed: GET /fortnite | {"error":"Error: LZT Market is currently under maintenance. Please try again later."}
[2026-07-25T21:11:58.961Z] [ERROR] LZT API request failed: GET /fortnite | {"error":"Error: LZT Market is currently under maintenance. Please try again later."}
[2026-07-25T21:12:38.542Z] [ERROR] LZT API request failed: GET /fortnite | {"error":"Error: LZT Market is currently under maintenance. Please try again later."}
[2026-07-25T21:12:38.587Z] [ERROR] LZT API request failed: GET /fortnite | {"error":"Error: LZT Market is currently under maintenance. Please try again later."}
[2026-07-25T21:12:38.909Z] [ERROR] LZT API request failed: GET /fortnite | {"error":"Error: LZT Market is currently under maintenance. Please try again later."}
[2026-07-25T21:12:49.443Z] [ERROR] LZT API request failed: GET /fortnite | {"error":"Error: LZT Market is currently under maintenance. Please try again later."}
[2026-07-25T21:12:49.452Z] [ERROR] LZT API request failed: GET /fortnite | {"error":"Error: LZT Market is currently under maintenance. Please try again later."}
[2026-07-25T21:12:49.766Z] [ERROR] LZT API request failed: GET /fortnite | {"error":"Error: LZT Market is currently under maintenance. Please try again later."}
[2026-07-25T21:13:36.629Z] [ERROR] LZT API request failed: GET /fortnite | {"error":"Error: LZT Market is currently under maintenance. Please try again later."}
[2026-07-25T21:13:36.642Z] [ERROR] LZT API request failed: GET /fortnite | {"error":"Error: LZT Market is currently under maintenance. Please try again later."}
[2026-07-25T21:13:36.651Z] [ERROR] LZT API request failed: GET /fortnite | {"error":"Error: LZT Market is currently under maintenance. Please try again later."}
[2026-07-25T21:13:36.669Z] [ERROR] LZT API request failed: GET /fortnite | {"error":"Error: LZT Market is currently under maintenance. Please try again later."}
[2026-07-25T21:13:36.779Z] [ERROR] LZT API request failed: GET /fortnite | {"error":"Error: LZT Market is currently under maintenance. Please try again later."}
[2026-07-25T21:13:36.790Z] [ERROR] LZT API request failed: GET /fortnite | {"error":"Error: LZT Market is currently under maintenance. Please try again later."}
[2026-07-25T21:13:36.794Z] [ERROR] LZT API request failed: GET /fortnite | {"error":"Error: LZT Market is currently under maintenance. Please try again later."}
[2026-07-25T21:13:36.796Z] [ERROR] LZT API request failed: GET /fortnite | {"error":"Error: LZT Market is currently under maintenance. Please try again later."}
[2026-07-25T21:13:36.869Z] [ERROR] LZT API request failed: GET /fortnite | {"error":"Error: LZT Market is currently under maintenance. Please try again later."}
[2026-07-25T21:13:36.878Z] [ERROR] LZT API request failed: GET /fortnite | {"error":"Error: LZT Market is currently under maintenance. Please try again later."}
[2026-07-25T21:13:36.898Z] [ERROR] LZT API request failed: GET /fortnite | {"error":"Error: LZT Market is currently under maintenance. Please try again later."}
[2026-07-25T21:13:36.905Z] [ERROR] LZT API request failed: GET /fortnite | {"error":"Error: LZT Market is currently under maintenance. Please try again later."}
[2026-07-25T21:13:37.038Z] [ERROR] LZT API request failed: GET /fortnite | {"error":"Error: LZT Market is currently under maintenance. Please try again later."}
[2026-07-25T21:13:37.046Z] [ERROR] LZT API request failed: GET /fortnite | {"error":"Error: LZT Market is currently under maintenance. Please try again later."}
[2026-07-25T21:13:37.048Z] [ERROR] LZT API request failed: GET /fortnite | {"error":"Error: LZT Market is currently under maintenance. Please try again later."}
[2026-07-25T21:13:37.134Z] [ERROR] LZT API request failed: GET /fortnite | {"error":"Error: LZT Market is currently under maintenance. Please try again later."}
[2026-07-25T21:13:37.227Z] [ERROR] LZT API request failed: GET /fortnite | {"error":"Error: LZT Market is currently under maintenance. Please try again later."}
[2026-07-25T21:13:37.249Z] [ERROR] LZT API request failed: GET /fortnite | {"error":"Error: LZT Market is currently under maintenance. Please try again later."}
[2026-07-25T21:13:37.257Z] [ERROR] LZT API request failed: GET /fortnite | {"error":"Error: LZT Market is currently under maintenance. Please try again later."}
[2026-07-25T21:13:37.260Z] [ERROR] LZT API request failed: GET /fortnite | {"error":"Error: LZT Market is currently under maintenance. Please try again later."}
[2026-07-25T21:13:37.369Z] [ERROR] LZT API request failed: GET /fortnite | {"error":"Error: LZT Market is currently under maintenance. Please try again later."}
[2026-07-25T21:13:37.371Z] [ERROR] LZT API request failed: GET /fortnite | {"error":"Error: LZT Market is currently under maintenance. Please try again later."}
[2026-07-25T21:13:37.415Z] [ERROR] LZT API request failed: GET /fortnite | {"error":"Error: LZT Market is currently under maintenance. Please try again later."}
[2026-07-25T21:13:37.542Z] [ERROR] LZT API request failed: GET /fortnite | {"error":"Error: LZT Market is currently under maintenance. Please try again later."}
[2026-07-25T21:13:37.552Z] [ERROR] LZT API request failed: GET /fortnite | {"error":"Error: LZT Market is currently under maintenance. Please try again later."}
[2026-07-25T21:13:37.615Z] [ERROR] LZT API request failed: GET /fortnite | {"error":"Error: LZT Market is currently under maintenance. Please try again later."}
[2026-07-25T21:13:37.623Z] [ERROR] LZT API request failed: GET /fortnite | {"error":"Error: LZT Market is currently under maintenance. Please try again later."}
[2026-07-25T21:13:37.661Z] [ERROR] LZT API request failed: GET /fortnite | {"error":"Error: LZT Market is currently under maintenance. Please try again later."}
[2026-07-25T21:13:37.675Z] [ERROR] LZT API request failed: GET /fortnite | {"error":"Error: LZT Market is currently under maintenance. Please try again later."}
[2026-07-25T21:13:37.753Z] [ERROR] LZT API request failed: GET /fortnite | {"error":"Error: LZT Market is currently under maintenance. Please try again later."}
[2026-07-25T21:13:37.776Z] [ERROR] LZT API request failed: GET /fortnite | {"error":"Error: LZT Market is currently under maintenance. Please try again later."}
[2026-07-25T21:13:37.808Z] [ERROR] LZT API request failed: GET /fortnite | {"error":"Error: LZT Market is currently under maintenance. Please try again later."}
[2026-07-25T21:13:37.851Z] [ERROR] LZT API request failed: GET /fortnite | {"error":"Error: LZT Market is currently under maintenance. Please try again later."}
[2026-07-25T21:13:37.853Z] [ERROR] LZT API request failed: GET /fortnite | {"error":"Error: LZT Market is currently under maintenance. Please try again later."}
[2026-07-25T21:13:37.917Z] [ERROR] LZT API request failed: GET /fortnite | {"error":"Error: LZT Market is currently under maintenance. Please try again later."}
[2026-07-25T21:13:37.957Z] [ERROR] LZT API request failed: GET /fortnite | {"error":"Error: LZT Market is currently under maintenance. Please try again later."}
[2026-07-25T21:13:38.038Z] [ERROR] LZT API request failed: GET /fortnite | {"error":"Error: LZT Market is currently under maintenance. Please try again later."}
[2026-07-25T21:13:38.044Z] [ERROR] LZT API request failed: GET /fortnite | {"error":"Error: LZT Market is currently under maintenance. Please try again later."}
[2026-07-25T21:13:38.121Z] [ERROR] LZT API request failed: GET /fortnite | {"error":"Error: LZT Market is currently under maintenance. Please try again later."}
[2026-07-25T21:13:38.129Z] [ERROR] LZT API request failed: GET /fortnite | {"error":"Error: LZT Market is currently under maintenance. Please try again later."}
[2026-07-25T21:13:38.177Z] [ERROR] LZT API request failed: GET /fortnite | {"error":"Error: LZT Market is currently under maintenance. Please try again later."}
[2026-07-25T21:13:38.190Z] [ERROR] LZT API request failed: GET /fortnite | {"error":"Error: LZT Market is currently under maintenance. Please try again later."}
[2026-07-25T21:13:38.238Z] [ERROR] LZT API request failed: GET /fortnite | {"error":"Error: LZT Market is currently under maintenance. Please try again later."}
[2026-07-25T21:13:38.275Z] [ERROR] LZT API request failed: GET /fortnite | {"error":"Error: LZT Market is currently under maintenance. Please try again later."}
[2026-07-25T21:13:38.387Z] [ERROR] LZT API request failed: GET /fortnite | {"error":"Error: LZT Market is currently under maintenance. Please try again later."}
[2026-07-25T21:13:38.389Z] [ERROR] LZT API request failed: GET /fortnite | {"error":"Error: LZT Market is currently under maintenance. Please try again later."}
[2026-07-25T21:13:38.435Z] [ERROR] LZT API request failed: GET /fortnite | {"error":"Error: LZT Market is currently under maintenance. Please try again later."}
[2026-07-25T21:13:38.472Z] [ERROR] LZT API request failed: GET /fortnite | {"error":"Error: LZT Market is currently under maintenance. Please try again later."}
[2026-07-25T21:13:38.547Z] [ERROR] LZT API request failed: GET /fortnite | {"error":"Error: LZT Market is currently under maintenance. Please try again later."}
[2026-07-25T21:13:38.553Z] [ERROR] LZT API request failed: GET /fortnite | {"error":"Error: LZT Market is currently under maintenance. Please try again later."}
[2026-07-25T21:13:38.626Z] [ERROR] LZT API request failed: GET /fortnite | {"error":"Error: LZT Market is currently under maintenance. Please try again later."}
[2026-07-25T21:13:38.669Z] [ERROR] LZT API request failed: GET /fortnite | {"error":"Error: LZT Market is currently under maintenance. Please try again later."}
[2026-07-25T21:13:38.720Z] [ERROR] LZT API request failed: GET /fortnite | {"error":"Error: LZT Market is currently under maintenance. Please try again later."}
[2026-07-25T21:13:38.731Z] [ERROR] LZT API request failed: GET /fortnite | {"error":"Error: LZT Market is currently under maintenance. Please try again later."}
[2026-07-25T21:13:38.738Z] [ERROR] LZT API request failed: GET /fortnite | {"error":"Error: LZT Market is currently under maintenance. Please try again later."}
[2026-07-25T21:13:38.811Z] [ERROR] LZT API request failed: GET /fortnite | {"error":"Error: LZT Market is currently under maintenance. Please try again later."}
[2026-07-25T21:13:38.879Z] [ERROR] LZT API request failed: GET /fortnite | {"error":"Error: LZT Market is currently under maintenance. Please try again later."}
[2026-07-25T21:13:38.881Z] [ERROR] LZT API request failed: GET /fortnite | {"error":"Error: LZT Market is currently under maintenance. Please try again later."}
[2026-07-25T21:13:38.943Z] [ERROR] LZT API request failed: GET /fortnite | {"error":"Error: LZT Market is currently under maintenance. Please try again later."}
[2026-07-25T21:13:38.983Z] [ERROR] LZT API request failed: GET /fortnite | {"error":"Error: LZT Market is currently under maintenance. Please try again later."}
[2026-07-25T21:13:38.991Z] [ERROR] LZT API request failed: GET /fortnite | {"error":"Error: LZT Market is currently under maintenance. Please try again later."}
[2026-07-25T21:13:39.034Z] [ERROR] LZT API request failed: GET /fortnite | {"error":"Error: LZT Market is currently under maintenance. Please try again later."}
[2026-07-25T21:13:39.149Z] [ERROR] LZT API request failed: GET /fortnite | {"error":"Error: LZT Market is currently under maintenance. Please try again later."}
[2026-07-25T21:13:39.150Z] [ERROR] LZT API request failed: GET /fortnite | {"error":"Error: LZT Market is currently under maintenance. Please try again later."}
[2026-07-25T21:13:39.163Z] [ERROR] LZT API request failed: GET /fortnite | {"error":"Error: LZT Market is currently under maintenance. Please try again later."}
[2026-07-25T21:13:39.169Z] [ERROR] LZT API request failed: GET /fortnite | {"error":"Error: LZT Market is currently under maintenance. Please try again later."}
[2026-07-25T21:13:39.248Z] [ERROR] LZT API request failed: GET /fortnite | {"error":"Error: LZT Market is currently under maintenance. Please try again later."}
[2026-07-25T21:13:39.253Z] [ERROR] LZT API request failed: GET /fortnite | {"error":"Error: LZT Market is currently under maintenance. Please try again later."}
[2026-07-25T21:13:39.306Z] [ERROR] LZT API request failed: GET /fortnite | {"error":"Error: LZT Market is currently under maintenance. Please try again later."}
[2026-07-25T21:13:39.321Z] [ERROR] LZT API request failed: GET /fortnite | {"error":"Error: LZT Market is currently under maintenance. Please try again later."}
[2026-07-25T21:13:39.543Z] [ERROR] LZT API request failed: GET /fortnite | {"error":"Error: LZT Market is currently under maintenance. Please try again later."}
[2026-07-25T21:13:39.545Z] [ERROR] LZT API request failed: GET /fortnite | {"error":"Error: LZT Market is currently under maintenance. Please try again later."}
[2026-07-25T21:13:39.557Z] [ERROR] LZT API request failed: GET /fortnite | {"error":"Error: LZT Market is currently under maintenance. Please try again later."}
[2026-07-25T21:13:39.560Z] [ERROR] LZT API request failed: GET /fortnite | {"error":"Error: LZT Market is currently under maintenance. Please try again later."}
[2026-07-25T21:13:39.714Z] [ERROR] LZT API request failed: GET /fortnite | {"error":"Error: LZT Market is currently under maintenance. Please try again later."}
[2026-07-25T21:13:39.716Z] [ERROR] LZT API request failed: GET /fortnite | {"error":"Error: LZT Market is currently under maintenance. Please try again later."}
[2026-07-25T21:13:39.760Z] [ERROR] LZT API request failed: GET /fortnite | {"error":"Error: LZT Market is currently under maintenance. Please try again later."}
[2026-07-25T21:13:39.822Z] [ERROR] LZT API request failed: GET /fortnite | {"error":"Error: LZT Market is currently under maintenance. Please try again later."}
[2026-07-25T21:13:39.871Z] [ERROR] LZT API request failed: GET /fortnite | {"error":"Error: LZT Market is currently under maintenance. Please try again later."}
[2026-07-25T21:13:39.873Z] [ERROR] LZT API request failed: GET /fortnite | {"error":"Error: LZT Market is currently under maintenance. Please try again later."}
[2026-07-25T21:13:39.919Z] [ERROR] LZT API request failed: GET /fortnite | {"error":"Error: LZT Market is currently under maintenance. Please try again later."}
[2026-07-25T21:13:39.930Z] [ERROR] LZT API request failed: GET /fortnite | {"error":"Error: LZT Market is currently under maintenance. Please try again later."}
[2026-07-25T21:13:40.075Z] [ERROR] LZT API request failed: GET /fortnite | {"error":"Error: LZT Market is currently under maintenance. Please try again later."}
[2026-07-25T21:13:40.078Z] [ERROR] LZT API request failed: GET /fortnite | {"error":"Error: LZT Market is currently under maintenance. Please try again later."}
[2026-07-25T21:13:40.183Z] [ERROR] LZT API request failed: GET /fortnite | {"error":"Error: LZT Market is currently under maintenance. Please try again later."}
[2026-07-25T21:13:40.220Z] [ERROR] LZT API request failed: GET /fortnite | {"error":"Error: LZT Market is currently under maintenance. Please try again later."}
[2026-07-25T21:13:40.275Z] [ERROR] LZT API request failed: GET /fortnite | {"error":"Error: LZT Market is currently under maintenance. Please try again later."}
[2026-07-25T21:13:40.278Z] [ERROR] LZT API request failed: GET /fortnite | {"error":"Error: LZT Market is currently under maintenance. Please try again later."}
[2026-07-25T21:13:40.325Z] [ERROR] LZT API request failed: GET /fortnite | {"error":"Error: LZT Market is currently under maintenance. Please try again later."}
[2026-07-25T21:13:40.362Z] [ERROR] LZT API request failed: GET /fortnite | {"error":"Error: LZT Market is currently under maintenance. Please try again later."}
[2026-07-25T21:13:40.469Z] [ERROR] LZT API request failed: GET /fortnite | {"error":"Error: LZT Market is currently under maintenance. Please try again later."}
[2026-07-25T21:13:40.511Z] [ERROR] LZT API request failed: GET /fortnite | {"error":"Error: LZT Market is currently under maintenance. Please try again later."}
[2026-07-25T21:13:40.575Z] [ERROR] LZT API request failed: GET /fortnite | {"error":"Error: LZT Market is currently under maintenance. Please try again later."}
[2026-07-25T21:13:40.664Z] [ERROR] LZT API request failed: GET /fortnite | {"error":"Error: LZT Market is currently under maintenance. Please try again later."}
[2026-07-25T21:13:40.674Z] [ERROR] LZT API request failed: GET /fortnite | {"error":"Error: LZT Market is currently under maintenance. Please try again later."}
[2026-07-25T21:13:40.676Z] [ERROR] LZT API request failed: GET /fortnite | {"error":"Error: LZT Market is currently under maintenance. Please try again later."}
[2026-07-25T21:13:40.726Z] [ERROR] LZT API request failed: GET /fortnite | {"error":"Error: LZT Market is currently under maintenance. Please try again later."}
[2026-07-25T21:13:40.775Z] [ERROR] LZT API request failed: GET /fortnite | {"error":"Error: LZT Market is currently under maintenance. Please try again later."}
[2026-07-25T21:13:40.796Z] [ERROR] LZT API request failed: GET /fortnite | {"error":"Error: LZT Market is currently under maintenance. Please try again later."}
[2026-07-25T21:13:40.807Z] [ERROR] LZT API request failed: GET /fortnite | {"error":"Error: LZT Market is currently under maintenance. Please try again later."}
[2026-07-25T21:13:40.893Z] [ERROR] LZT API request failed: GET /fortnite | {"error":"Error: LZT Market is currently under maintenance. Please try again later."}
[2026-07-25T21:13:40.897Z] [ERROR] LZT API request failed: GET /fortnite | {"error":"Error: LZT Market is currently under maintenance. Please try again later."}
[2026-07-25T21:13:41.025Z] [ERROR] LZT API request failed: GET /fortnite | {"error":"Error: LZT Market is currently under maintenance. Please try again later."}
[2026-07-25T21:13:41.062Z] [ERROR] LZT API request failed: GET /fortnite | {"error":"Error: LZT Market is currently under maintenance. Please try again later."}
[2026-07-25T21:13:41.178Z] [ERROR] LZT API request failed: GET /fortnite | {"error":"Error: LZT Market is currently under maintenance. Please try again later."}
[2026-07-25T21:13:41.259Z] [ERROR] LZT API request failed: GET /fortnite | {"error":"Error: LZT Market is currently under maintenance. Please try again later."}
[2026-07-25T21:13:41.261Z] [ERROR] LZT API request failed: GET /fortnite | {"error":"Error: LZT Market is currently under maintenance. Please try again later."}
[2026-07-25T21:13:41.295Z] [ERROR] LZT API request failed: GET /fortnite | {"error":"Error: LZT Market is currently under maintenance. Please try again later."}
[2026-07-25T21:13:41.332Z] [ERROR] LZT API request failed: GET /fortnite | {"error":"Error: LZT Market is currently under maintenance. Please try again later."}
[2026-07-25T21:13:41.338Z] [ERROR] LZT API request failed: GET /fortnite | {"error":"Error: LZT Market is currently under maintenance. Please try again later."}
[2026-07-25T21:13:41.357Z] [ERROR] LZT API request failed: GET /fortnite | {"error":"Error: LZT Market is currently under maintenance. Please try again later."}
[2026-07-25T21:13:41.401Z] [ERROR] LZT API request failed: GET /fortnite | {"error":"Error: LZT Market is currently under maintenance. Please try again later."}
[2026-07-25T21:13:41.493Z] [ERROR] LZT API request failed: GET /fortnite | {"error":"Error: LZT Market is currently under maintenance. Please try again later."}
[2026-07-25T21:13:41.573Z] [ERROR] LZT API request failed: GET /fortnite | {"error":"Error: LZT Market is currently under maintenance. Please try again later."}
[2026-07-25T21:13:41.581Z] [ERROR] LZT API request failed: GET /fortnite | {"error":"Error: LZT Market is currently under maintenance. Please try again later."}
[2026-07-25T21:13:41.630Z] [ERROR] LZT API request failed: GET /fortnite | {"error":"Error: LZT Market is currently under maintenance. Please try again later."}
[2026-07-25T21:13:41.678Z] [ERROR] LZT API request failed: GET /fortnite | {"error":"Error: LZT Market is currently under maintenance. Please try again later."}
[2026-07-25T21:13:41.680Z] [ERROR] LZT API request failed: GET /fortnite | {"error":"Error: LZT Market is currently under maintenance. Please try again later."}
[2026-07-25T21:13:41.720Z] [ERROR] LZT API request failed: GET /fortnite | {"error":"Error: LZT Market is currently under maintenance. Please try again later."}
[2026-07-25T21:13:41.787Z] [ERROR] LZT API request failed: GET /fortnite | {"error":"Error: LZT Market is currently under maintenance. Please try again later."}
[2026-07-25T21:13:41.789Z] [ERROR] LZT API request failed: GET /fortnite | {"error":"Error: LZT Market is currently under maintenance. Please try again later."}
[2026-07-25T21:13:41.832Z] [ERROR] LZT API request failed: GET /fortnite | {"error":"Error: LZT Market is currently under maintenance. Please try again later."}
[2026-07-25T21:13:41.847Z] [ERROR] LZT API request failed: GET /fortnite | {"error":"Error: LZT Market is currently under maintenance. Please try again later."}
[2026-07-25T21:13:41.913Z] [ERROR] LZT API request failed: GET /fortnite | {"error":"Error: LZT Market is currently under maintenance. Please try again later."}
[2026-07-25T21:13:41.952Z] [ERROR] LZT API request failed: GET /fortnite | {"error":"Error: LZT Market is currently under maintenance. Please try again later."}
[2026-07-25T21:13:42.018Z] [ERROR] LZT API request failed: GET /fortnite | {"error":"Error: LZT Market is currently under maintenance. Please try again later."}
[2026-07-25T21:13:42.020Z] [ERROR] LZT API request failed: GET /fortnite | {"error":"Error: LZT Market is currently under maintenance. Please try again later."}
[2026-07-25T21:13:42.095Z] [ERROR] LZT API request failed: GET /fortnite | {"error":"Error: LZT Market is currently under maintenance. Please try again later."}
[2026-07-25T21:13:42.131Z] [ERROR] LZT API request failed: GET /fortnite | {"error":"Error: LZT Market is currently under maintenance. Please try again later."}
[2026-07-25T21:13:42.137Z] [ERROR] LZT API request failed: GET /fortnite | {"error":"Error: LZT Market is currently under maintenance. Please try again later."}
[2026-07-25T21:13:42.147Z] [ERROR] LZT API request failed: GET /fortnite | {"error":"Error: LZT Market is currently under maintenance. Please try again later."}
[2026-07-25T21:13:42.207Z] [ERROR] LZT API request failed: GET /fortnite | {"error":"Error: LZT Market is currently under maintenance. Please try again later."}
[2026-07-25T21:13:42.215Z] [ERROR] LZT API request failed: GET /fortnite | {"error":"Error: LZT Market is currently under maintenance. Please try again later."}
[2026-07-25T21:13:42.260Z] [ERROR] LZT API request failed: GET /fortnite | {"error":"Error: LZT Market is currently under maintenance. Please try again later."}
[2026-07-25T21:13:42.288Z] [ERROR] LZT API request failed: GET /fortnite | {"error":"Error: LZT Market is currently under maintenance. Please try again later."}
[2026-07-25T21:13:42.318Z] [ERROR] LZT API request failed: GET /fortnite | {"error":"Error: LZT Market is currently under maintenance. Please try again later."}
